[backblue.gif]
[fade.gif]
[index.html]
[localhost/fashionality/feed/index.html]
[localhost/fashionality/comments/feed/index.html]
[localhost/fashionality/wp-includes/js/jquery/jquery.minf43b.js]
[localhost/fashionality/wp-includes/js/jquery/jquery-migrate.min5589.js]
[localhost/fashionality/wp-json/index.html]
[localhost/fashionality/wp-json/wp/v2/pages/22.json]
[localhost/fashionality/xmlrpc0db0.php]
[localhost/fashionality/wp-json/oembed/1.0/embedb24a.json]
[localhost/fashionality/wp-json/oembed/1.0/embed3a59]
[localhost/fashionality/wp-content/uploads/2024/02/fashion-1.png]
[localhost/fashionality/wp-content/uploads/2024/02/Mask-group-8.png]
[localhost/fashionality/wp-content/uploads/2024/02/Mask-group-9.png]
[localhost/fashionality/wp-content/uploads/2024/02/MD1_9810-2.png]
[localhost/fashionality/wp-content/uploads/2024/02/MD1_9688-1.png]
[localhost/fashionality/wp-content/uploads/2024/02/Rectangle-21.png]
[localhost/fashionality/wp-content/uploads/2024/02/Ellipse-7.png]
[localhost/fashionality/wp-content/uploads/2024/02/Group-29-1.png]
[localhost/fashionality/wp-content/uploads/2024/02/Ellipse-7-1.png]
[localhost/fashionality/wp-content/themes/designocracy/assets/js/hello-frontend.min8a54.js]
[localhost/fashionality/wp-content/plugins/elementor-pro/assets/lib/smartmenus/jquery.smartmenus.minf269.js]
[localhost/fashionality/wp-includes/js/imagesloaded.minbb93.js]
[localhost/fashionality/wp-content/plugins/elementor-pro/assets/js/webpack-pro.runtime.minac9e.js]
[localhost/fashionality/wp-content/plugins/elementor/assets/js/webpack.runtime.min34a7.js]
[localhost/fashionality/wp-content/plugins/elementor/assets/js/frontend-modules.min34a7.js]
[localhost/fashionality/wp-includes/js/dist/hooks.min4fdd.js]
[localhost/fashionality/wp-includes/js/dist/i18n.minc33c.js]
[localhost/fashionality/wp-content/plugins/elementor-pro/assets/js/frontend.minac9e.js]
[localhost/fashionality/wp-content/plugins/elementor/assets/lib/waypoints/waypoints.min05da.js]
[localhost/fashionality/wp-includes/js/jquery/ui/core.minb37e.js]
[localhost/fashionality/wp-content/plugins/elementor/assets/js/frontend.min34a7.js]
[localhost/fashionality/wp-content/plugins/elementor-pro/assets/js/elements-handlers.minac9e.js]
[localhost/fashionality/index.html]
[localhost/fashionality/wp-content/themes/designocracy/style.minc141.css]
[localhost/fashionality/wp-content/themes/designocracy/theme.minc141.css]
[localhost/fashionality/wp-content/plugins/elementor/assets/css/frontend-lite.min34a7.css]
[localhost/fashionality/wp-content/uploads/elementor/css/post-77e19.css]
[localhost/fashionality/wp-content/plugins/elementor/assets/lib/swiper/v8/css/swiper.min94a4.css]
[localhost/fashionality/wp-content/plugins/elementor-pro/assets/css/frontend-lite.minac9e.css]
[localhost/fashionality/wp-content/uploads/elementor/css/global7e19.css]
[localhost/fashionality/wp-content/uploads/2024/02/Group-34.png]
[localhost/fashionality/wp-content/uploads/2024/02/MaginiaRegular-BWP6x.ttf]
[localhost/fashionality/wp-content/uploads/elementor/css/post-224275.css]
[localhost/fashionality/wp-content/uploads/elementor/css/post-1446ec.css]
[localhost/fashionality/wp-content/uploads/elementor/css/post-101d727.css]
[localhost/fashionality/wp-content/plugins/elementor-pro/assets/css/widget-nav-menu.min.css]
[localhost/fashionality/wp-content/plugins/elementor-pro/assets/css/widget-carousel.min.css]
[localhost/fashionality/wp-content/plugins/elementor/assets/css/widget-icon-list.min.css]
