[backblue.gif]
[fade.gif]
[index.html]
[localhost/spiritfx/feed/index.html]
[localhost/spiritfx/comments/feed/index.html]
[localhost/spiritfx/wp-includes/js/jquery/jquery.minf43b.js]
[localhost/spiritfx/wp-includes/js/jquery/jquery-migrate.min5589.js]
[localhost/spiritfx/wp-json/index.html]
[localhost/spiritfx/wp-json/wp/v2/pages/21.json]
[localhost/spiritfx/xmlrpc0db0.php]
[localhost/spiritfx/wp-json/oembed/1.0/embed6c17.json]
[localhost/spiritfx/wp-json/oembed/1.0/embed5ad3]
[localhost/spiritfx/wp-content/uploads/2023/11/Main-Logo.png]
[localhost/spiritfx/wp-content/uploads/2023/11/Group-16.png]
[localhost/spiritfx/wp-content/uploads/2023/11/Featured-In.png]
[localhost/spiritfx/wp-content/uploads/2023/11/Group-49.png]
[localhost/spiritfx/wp-content/uploads/2023/11/Group-48-2.png]
[localhost/spiritfx/wp-content/uploads/2023/11/Group-49-1.png]
[localhost/spiritfx/wp-content/uploads/2023/11/Group-50.png]
[localhost/spiritfx/wp-content/uploads/2023/11/Group-51.png]
[localhost/spiritfx/wp-content/uploads/2023/11/Group-48-3-1.png]
[localhost/spiritfx/wp-content/uploads/2023/11/Group-49-2.png]
[localhost/spiritfx/wp-content/uploads/2023/11/Group-50-1.png]
[localhost/spiritfx/wp-content/uploads/2023/11/Group-51-1.png]
[localhost/spiritfx/wp-content/themes/designocracy/assets/js/hello-frontend.min8a54.js]
[localhost/spiritfx/wp-content/plugins/elementor-pro/assets/lib/smartmenus/jquery.smartmenus.minf269.js]
[localhost/spiritfx/wp-content/plugins/elementor-pro/assets/js/webpack-pro.runtime.minac9e.js]
[localhost/spiritfx/wp-content/plugins/elementor/assets/js/webpack.runtime.min8864.js]
[localhost/spiritfx/wp-content/plugins/elementor/assets/js/frontend-modules.min8864.js]
[localhost/spiritfx/wp-includes/js/dist/hooks.min4fdd.js]
[localhost/spiritfx/wp-includes/js/dist/i18n.minc33c.js]
[localhost/spiritfx/wp-content/plugins/elementor-pro/assets/js/frontend.minac9e.js]
[localhost/spiritfx/wp-content/plugins/elementor/assets/lib/waypoints/waypoints.min05da.js]
[localhost/spiritfx/wp-includes/js/jquery/ui/core.minb37e.js]
[localhost/spiritfx/wp-content/plugins/elementor/assets/js/frontend.min8864.js]
[localhost/spiritfx/wp-content/plugins/elementor-pro/assets/js/elements-handlers.minac9e.js]
[localhost/spiritfx/index.html]
[localhost/spiritfx/wp-content/themes/designocracy-child/styled61b.css]
[localhost/spiritfx/wp-content/themes/designocracy/style.minc141.css]
[localhost/spiritfx/wp-content/themes/designocracy/theme.minc141.css]
[localhost/spiritfx/wp-content/plugins/elementor/assets/css/frontend-lite.min8864.css]
[localhost/spiritfx/wp-content/uploads/elementor/css/post-7991f.css]
[localhost/spiritfx/wp-content/plugins/elementor/assets/lib/eicons/fonts/eicons9506.eot]
[localhost/spiritfx/wp-content/plugins/elementor/assets/lib/eicons/fonts/eicons9506.woff2]
[localhost/spiritfx/wp-content/plugins/elementor/assets/lib/eicons/fonts/eicons9506.woff]
[localhost/spiritfx/wp-content/plugins/elementor/assets/lib/eicons/fonts/eicons9506.ttf]
[localhost/spiritfx/wp-content/plugins/elementor/assets/lib/eicons/css/elementor-icons.min192d.css]
[localhost/spiritfx/wp-content/plugins/elementor/assets/lib/swiper/v8/css/swiper.min94a4.css]
[localhost/spiritfx/wp-content/plugins/elementor-pro/assets/css/frontend-lite.minac9e.css]
[localhost/spiritfx/wp-content/uploads/elementor/css/globald1a9.css]
[localhost/spiritfx/wp-content/uploads/2023/11/Group-48.png]
[localhost/spiritfx/wp-content/uploads/2023/11/About-us-About-us-About-us-About-us.png]
[localhost/spiritfx/wp-content/uploads/elementor/css/post-21d3ec.css]
[localhost/spiritfx/wp-content/uploads/elementor/css/post-107f66.css]
[localhost/spiritfx/wp-content/uploads/elementor/css/post-720318.css]
[localhost/spiritfx/wp-content/plugins/elementor/assets/lib/font-awesome/css/fontawesome.min52d5.css]
[localhost/spiritfx/wp-content/plugins/elementor/assets/lib/font-awesome/webfonts/fa-solid-900.eot]
[localhost/spiritfx/wp-content/plugins/elementor/assets/lib/font-awesome/webfonts/fa-solid-900.woff2]
[localhost/spiritfx/wp-content/plugins/elementor/assets/lib/font-awesome/webfonts/fa-solid-900d41d.eot]
[localhost/spiritfx/wp-content/plugins/elementor/assets/lib/font-awesome/webfonts/fa-solid-900.woff]
[localhost/spiritfx/wp-content/plugins/elementor/assets/lib/font-awesome/webfonts/fa-solid-900.ttf]
[localhost/spiritfx/wp-content/plugins/elementor/assets/lib/font-awesome/css/solid.min52d5.css]
[localhost/spiritfx/wp-content/plugins/elementor/assets/lib/font-awesome/webfonts/fa-regular-400.eot]
[localhost/spiritfx/wp-content/plugins/elementor/assets/lib/font-awesome/webfonts/fa-regular-400d41d.eot]
[localhost/spiritfx/wp-content/plugins/elementor/assets/lib/font-awesome/webfonts/fa-regular-400.woff2]
[localhost/spiritfx/wp-content/plugins/elementor/assets/lib/font-awesome/webfonts/fa-regular-400.woff]
[localhost/spiritfx/wp-content/plugins/elementor/assets/lib/font-awesome/webfonts/fa-regular-400.ttf]
[localhost/spiritfx/wp-content/plugins/elementor/assets/lib/font-awesome/css/regular.min52d5.css]
[localhost/spiritfx/wp-content/plugins/elementor-pro/assets/css/widget-nav-menu.min.css]
[localhost/spiritfx/wp-content/plugins/elementor/assets/css/widget-icon-list.min.css]
[localhost/spiritfx/wp-content/plugins/elementor/assets/lib/animations/animations.min8864.css]
[localhost/spiritfx/wp-content/themes/designocracy-child/customed8a.html]
[localhost/spiritfx/wp-content/plugins/elementor/assets/lib/eicons/fonts/eicons9506.svg]
[localhost/spiritfx/wp-content/plugins/elementor/assets/lib/font-awesome/webfonts/fa-solid-900.svg]
[localhost/spiritfx/wp-content/plugins/elementor/assets/lib/font-awesome/webfonts/fa-regular-400.svg]
