[backblue.gif]
[fade.gif]
[index.html]
[localhost/goat/feed/index.html]
[localhost/goat/comments/feed/index.html]
[localhost/goat/wp-includes/js/jquery/jquery.minf43b.js]
[localhost/goat/wp-includes/js/jquery/jquery-migrate.min5589.js]
[localhost/goat/wp-json/index.html]
[localhost/goat/wp-json/wp/v2/pages/27.json]
[localhost/goat/xmlrpc0db0.php]
[localhost/goat/wp-json/oembed/1.0/embedcbed.json]
[localhost/goat/wp-json/oembed/1.0/embed9eff]
[localhost/goat/wp-content/uploads/2024/04/goat-logo.png]
[localhost/goat/wp-content/uploads/2024/04/goatwithtransistors.png]
[localhost/goat/wp-content/uploads/2024/04/Group-17.png]
[localhost/goat/wp-content/uploads/2024/04/GOAT.png]
[localhost/goat/wp-content/uploads/2024/04/GOAT-token-qm64suus2p2wran2bmod7yvfbmwtro57jq5irhjte0.png]
[localhost/goat/wp-content/uploads/2024/04/Rectangle-20-1-e1712094275252.png]
[localhost/goat/wp-content/uploads/2024/04/Circle-icon.png]
[localhost/goat/wp-content/uploads/2024/04/logo-3.png]
[localhost/goat/wp-content/themes/designocracy/assets/js/hello-frontend.min8a54.js]
[localhost/goat/wp-content/plugins/elementor-pro/assets/lib/smartmenus/jquery.smartmenus.minf269.js]
[localhost/goat/wp-content/plugins/elementor/assets/lib/jquery-numerator/jquery-numerator.min3958.js]
[localhost/goat/wp-content/plugins/elementor-pro/assets/js/webpack-pro.runtime.minac9e.js]
[localhost/goat/wp-content/plugins/elementor/assets/js/webpack.runtime.mince8e.js]
[localhost/goat/wp-content/plugins/elementor/assets/js/frontend-modules.mince8e.js]
[localhost/goat/wp-includes/js/dist/hooks.min4fdd.js]
[localhost/goat/wp-includes/js/dist/i18n.minc33c.js]
[localhost/goat/wp-content/plugins/elementor-pro/assets/js/frontend.minac9e.js]
[localhost/goat/wp-content/plugins/elementor/assets/lib/waypoints/waypoints.min05da.js]
[localhost/goat/wp-includes/js/jquery/ui/core.minb37e.js]
[localhost/goat/wp-content/plugins/elementor/assets/js/frontend.mince8e.js]
[localhost/goat/wp-content/plugins/elementor-pro/assets/js/elements-handlers.minac9e.js]
[localhost/goat/wp-content/plugins/elementor-pro/assets/lib/sticky/jquery.sticky.minac9e.js]
[localhost/goat/index.html]
[localhost/goat/wp-content/themes/designocracy/style.minc141.css]
[localhost/goat/wp-content/themes/designocracy/theme.minc141.css]
[localhost/goat/wp-content/plugins/elementor/assets/css/frontend-lite.mince8e.css]
[localhost/goat/wp-content/uploads/elementor/css/post-83d22.css]
[localhost/goat/wp-content/plugins/elementor/assets/lib/swiper/v8/css/swiper.min94a4.css]
[localhost/goat/wp-content/plugins/elementor-pro/assets/css/frontend-lite.minac9e.css]
[localhost/goat/wp-content/uploads/elementor/css/globalab82.css]
[localhost/goat/wp-content/uploads/2024/04/Group-44-min-1.png]
[localhost/goat/wp-content/uploads/2024/04/Group-44-min-1-1.png]
[localhost/goat/wp-content/uploads/2024/04/Group-44-min-1-2.png]
[localhost/goat/wp-content/uploads/2024/04/Group-44-min-1-3.png]
[localhost/goat/wp-content/uploads/elementor/css/post-27b0a9.css]
[localhost/goat/wp-content/uploads/elementor/css/post-10e064.css]
[localhost/goat/wp-content/uploads/elementor/css/post-79e064.css]
[localhost/goat/wp-content/uploads/elementor/css/post-1226c1d.css]
[localhost/goat/wp-content/plugins/elementor-pro/assets/css/widget-nav-menu.min.css]
[localhost/goat/wp-content/plugins/elementor/assets/lib/animations/animations.mince8e.css]
